c:\st\stm32cubeide_1.10.1\stm32cubeide\plugins\com.st.stm32cube.ide.mcu.externaltools.gnu-tools-for-stm32.10.3-2021.10.win32_1.0.0.202111181127\tools\bin\../lib/gcc/arm-none-eabi/10.3.1/../../../../arm-none-eabi/include/c++/10.3.1/arm-none-eabi/thumb/v7e-m+fp/hard/bits/gthr-default.h:229:1:int __gthread_key_delete(__gthread_key_t)	16	static
../Core/Inc/print.h:44:8:void ngtech::Print::setWriteError(int)	16	static
../Core/Inc/print.h:46:3:ngtech::Print::Print()	16	static
../Core/Src/main.cpp:68:5:int main()	56	static
../Core/Src/main.cpp:125:6:void SystemClock_Config()	96	static
../Core/Src/main.cpp:175:13:void MX_USART2_UART_Init()	8	static
../Core/Src/main.cpp:210:13:void MX_GPIO_Init()	24	static
../Core/Src/main.cpp:231:6:void Error_Handler()	4	static,ignoring_inline_asm
